{"state": "submitted", "request_id": "086726ce-4847-45c3-a375-3a4f6114039c", "message_count": 12402, "question": "When did we fight about school?"}
{"sequence": 1, "event": "accepted", "config_version": 10, "payload": {"endpoint": "/v1/conversational-analysis", "scope_id": "evw15:2:4:1:84adfd30706196bba6ad3bfa890d56fcd72229f8a0da470e85e3dd2f28bd4773", "message_count": 12402}}
{"sequence": 2, "event": "accounting_completed", "config_version": 10, "payload": {"corpus_tokens": 720646, "whole_input_tokens": 944141, "context_window_tokens": 202752, "reserved_output_tokens": 16384, "safety_margin_tokens": 1498, "strategy": "windowed_ledger"}}
{"sequence": 3, "event": "retrieval_terms_started", "config_version": 10, "payload": {"operation": "retrieval_terms"}}
{"sequence": 4, "event": "retrieval_terms_completed", "config_version": 10, "payload": {"operation": "retrieval_terms", "term_count": 3, "input_tokens": 227, "output_tokens": 10, "usage_source": "provider_reported", "estimated_cost": null}}
{"sequence": 5, "event": "window_plan_created", "config_version": 10, "payload": {"window_count": 9, "message_count": 12402, "hard_input_tokens": 184870, "target_input_tokens": 110922, "utilization_percent": 60.0}}
{"sequence": 6, "event": "window_started", "config_version": 10, "payload": {"window_id": "w000001", "window_index": 0, "window_count": 9, "message_count": 1476}}
{"sequence": 7, "event": "heartbeat", "config_version": 10, "payload": {"operation": "window_evidence_extraction", "elapsed_ms": 20132, "completed_windows": 0, "active_windows": 1, "window_count": 9}}
{"sequence": 8, "event": "heartbeat", "config_version": 10, "payload": {"operation": "window_evidence_extraction", "elapsed_ms": 30139, "completed_windows": 0, "active_windows": 1, "window_count": 9}}
{"sequence": 9, "event": "heartbeat", "config_version": 10, "payload": {"operation": "window_evidence_extraction", "elapsed_ms": 40159, "completed_windows": 0, "active_windows": 1, "window_count": 9}}
{"sequence": 10, "event": "heartbeat", "config_version": 10, "payload": {"operation": "window_evidence_extraction", "elapsed_ms": 50169, "completed_windows": 0, "active_windows": 1, "window_count": 9}}
{"sequence": 11, "event": "heartbeat", "config_version": 10, "payload": {"operation": "window_evidence_extraction", "elapsed_ms": 60185, "completed_windows": 0, "active_windows": 1, "window_count": 9}}
{"sequence": 12, "event": "heartbeat", "config_version": 10, "payload": {"operation": "window_evidence_extraction", "elapsed_ms": 70188, "completed_windows": 0, "active_windows": 1, "window_count": 9}}
{"sequence": 13, "event": "heartbeat", "config_version": 10, "payload": {"operation": "window_evidence_extraction", "elapsed_ms": 80197, "completed_windows": 0, "active_windows": 1, "window_count": 9}}
{"sequence": 14, "event": "heartbeat", "config_version": 10, "payload": {"operation": "window_evidence_extraction", "elapsed_ms": 90208, "completed_windows": 0, "active_windows": 1, "window_count": 9}}
{"sequence": 15, "event": "heartbeat", "config_version": 10, "payload": {"operation": "window_evidence_extraction", "elapsed_ms": 100214, "completed_windows": 0, "active_windows": 1, "window_count": 9}}
{"sequence": 16, "event": "heartbeat", "config_version": 10, "payload": {"operation": "window_evidence_extraction", "elapsed_ms": 110225, "completed_windows": 0, "active_windows": 1, "window_count": 9}}
{"sequence": 17, "event": "heartbeat", "config_version": 10, "payload": {"operation": "window_evidence_extraction", "elapsed_ms": 120233, "completed_windows": 0, "active_windows": 1, "window_count": 9}}
{"sequence": 18, "event": "heartbeat", "config_version": 10, "payload": {"operation": "window_evidence_extraction", "elapsed_ms": 130237, "completed_windows": 0, "active_windows": 1, "window_count": 9}}
{"sequence": 19, "event": "heartbeat", "config_version": 10, "payload": {"operation": "window_evidence_extraction", "elapsed_ms": 140252, "completed_windows": 0, "active_windows": 1, "window_count": 9}}
{"sequence": 20, "event": "heartbeat", "config_version": 10, "payload": {"operation": "window_evidence_extraction", "elapsed_ms": 150262, "completed_windows": 0, "active_windows": 1, "window_count": 9}}
{"sequence": 21, "event": "heartbeat", "config_version": 10, "payload": {"operation": "window_evidence_extraction", "elapsed_ms": 160272, "completed_windows": 0, "active_windows": 1, "window_count": 9}}
{"sequence": 22, "event": "window_completed", "config_version": 10, "payload": {"window_id": "w000001", "window_index": 0, "window_count": 9, "evidence_range_count": 23, "input_tokens": 105093, "output_tokens": 3109, "usage_source": "provider_reported", "estimated_cost": null}}
{"sequence": 23, "event": "window_started", "config_version": 10, "payload": {"window_id": "w000002", "window_index": 1, "window_count": 9, "message_count": 1453}}
{"sequence": 24, "event": "heartbeat", "config_version": 10, "payload": {"operation": "window_evidence_extraction", "elapsed_ms": 174112, "completed_windows": 1, "active_windows": 1, "window_count": 9}}
{"sequence": 25, "event": "window_completed", "config_version": 10, "payload": {"window_id": "w000002", "window_index": 1, "window_count": 9, "evidence_range_count": 0, "input_tokens": 105053, "output_tokens": 104, "usage_source": "provider_reported", "estimated_cost": null}}
{"sequence": 26, "event": "window_started", "config_version": 10, "payload": {"window_id": "w000003", "window_index": 2, "window_count": 9, "message_count": 1407}}
{"sequence": 27, "event": "heartbeat", "config_version": 10, "payload": {"operation": "window_evidence_extraction", "elapsed_ms": 188824, "completed_windows": 2, "active_windows": 1, "window_count": 9}}
{"sequence": 28, "event": "heartbeat", "config_version": 10, "payload": {"operation": "window_evidence_extraction", "elapsed_ms": 198831, "completed_windows": 2, "active_windows": 1, "window_count": 9}}
{"sequence": 29, "event": "heartbeat", "config_version": 10, "payload": {"operation": "window_evidence_extraction", "elapsed_ms": 208832, "completed_windows": 2, "active_windows": 1, "window_count": 9}}
{"sequence": 30, "event": "heartbeat", "config_version": 10, "payload": {"operation": "window_evidence_extraction", "elapsed_ms": 218842, "completed_windows": 2, "active_windows": 1, "window_count": 9}}
{"sequence": 31, "event": "window_completed", "config_version": 10, "payload": {"window_id": "w000003", "window_index": 2, "window_count": 9, "evidence_range_count": 3, "input_tokens": 105135, "output_tokens": 738, "usage_source": "provider_reported", "estimated_cost": null}}
{"sequence": 32, "event": "window_started", "config_version": 10, "payload": {"window_id": "w000004", "window_index": 3, "window_count": 9, "message_count": 1380}}
{"sequence": 33, "event": "heartbeat", "config_version": 10, "payload": {"operation": "window_evidence_extraction", "elapsed_ms": 233011, "completed_windows": 3, "active_windows": 1, "window_count": 9}}
{"sequence": 34, "event": "heartbeat", "config_version": 10, "payload": {"operation": "window_evidence_extraction", "elapsed_ms": 243020, "completed_windows": 3, "active_windows": 1, "window_count": 9}}
{"sequence": 35, "event": "heartbeat", "config_version": 10, "payload": {"operation": "window_evidence_extraction", "elapsed_ms": 253033, "completed_windows": 3, "active_windows": 1, "window_count": 9}}
{"sequence": 36, "event": "window_completed", "config_version": 10, "payload": {"window_id": "w000004", "window_index": 3, "window_count": 9, "evidence_range_count": 4, "input_tokens": 105137, "output_tokens": 803, "usage_source": "provider_reported", "estimated_cost": null}}
{"sequence": 37, "event": "window_started", "config_version": 10, "payload": {"window_id": "w000005", "window_index": 4, "window_count": 9, "message_count": 1391}}
{"sequence": 38, "event": "heartbeat", "config_version": 10, "payload": {"operation": "window_evidence_extraction", "elapsed_ms": 269936, "completed_windows": 4, "active_windows": 1, "window_count": 9}}
{"sequence": 39, "event": "heartbeat", "config_version": 10, "payload": {"operation": "window_evidence_extraction", "elapsed_ms": 279951, "completed_windows": 4, "active_windows": 1, "window_count": 9}}
{"sequence": 40, "event": "heartbeat", "config_version": 10, "payload": {"operation": "window_evidence_extraction", "elapsed_ms": 289957, "completed_windows": 4, "active_windows": 1, "window_count": 9}}
{"sequence": 41, "event": "window_completed", "config_version": 10, "payload": {"window_id": "w000005", "window_index": 4, "window_count": 9, "evidence_range_count": 5, "input_tokens": 105219, "output_tokens": 930, "usage_source": "provider_reported", "estimated_cost": null}}
{"sequence": 42, "event": "window_started", "config_version": 10, "payload": {"window_id": "w000006", "window_index": 5, "window_count": 9, "message_count": 1430}}
{"sequence": 43, "event": "heartbeat", "config_version": 10, "payload": {"operation": "window_evidence_extraction", "elapsed_ms": 306949, "completed_windows": 5, "active_windows": 1, "window_count": 9}}
{"sequence": 44, "event": "heartbeat", "config_version": 10, "payload": {"operation": "window_evidence_extraction", "elapsed_ms": 316952, "completed_windows": 5, "active_windows": 1, "window_count": 9}}
{"sequence": 45, "event": "heartbeat", "config_version": 10, "payload": {"operation": "window_evidence_extraction", "elapsed_ms": 326959, "completed_windows": 5, "active_windows": 1, "window_count": 9}}
{"sequence": 46, "event": "window_completed", "config_version": 10, "payload": {"window_id": "w000006", "window_index": 5, "window_count": 9, "evidence_range_count": 3, "input_tokens": 105124, "output_tokens": 989, "usage_source": "provider_reported", "estimated_cost": null}}
{"sequence": 47, "event": "window_started", "config_version": 10, "payload": {"window_id": "w000007", "window_index": 6, "window_count": 9, "message_count": 1442}}
{"sequence": 48, "event": "window_completed", "config_version": 10, "payload": {"window_id": "w000007", "window_index": 6, "window_count": 9, "evidence_range_count": 0, "input_tokens": 105094, "output_tokens": 95, "usage_source": "provider_reported", "estimated_cost": null}}
{"sequence": 49, "event": "window_started", "config_version": 10, "payload": {"window_id": "w000008", "window_index": 7, "window_count": 9, "message_count": 1325}}
{"sequence": 50, "event": "heartbeat", "config_version": 10, "payload": {"operation": "window_evidence_extraction", "elapsed_ms": 351364, "completed_windows": 7, "active_windows": 1, "window_count": 9}}
{"sequence": 51, "event": "heartbeat", "config_version": 10, "payload": {"operation": "window_evidence_extraction", "elapsed_ms": 361376, "completed_windows": 7, "active_windows": 1, "window_count": 9}}
{"sequence": 52, "event": "heartbeat", "config_version": 10, "payload": {"operation": "window_evidence_extraction", "elapsed_ms": 371382, "completed_windows": 7, "active_windows": 1, "window_count": 9}}
{"sequence": 53, "event": "heartbeat", "config_version": 10, "payload": {"operation": "window_evidence_extraction", "elapsed_ms": 381384, "completed_windows": 7, "active_windows": 1, "window_count": 9}}
{"sequence": 54, "event": "heartbeat", "config_version": 10, "payload": {"operation": "window_evidence_extraction", "elapsed_ms": 391387, "completed_windows": 7, "active_windows": 1, "window_count": 9}}
{"sequence": 55, "event": "window_completed", "config_version": 10, "payload": {"window_id": "w000008", "window_index": 7, "window_count": 9, "evidence_range_count": 2, "input_tokens": 105303, "output_tokens": 779, "usage_source": "provider_reported", "estimated_cost": null}}
{"sequence": 56, "event": "window_started", "config_version": 10, "payload": {"window_id": "w000009", "window_index": 8, "window_count": 9, "message_count": 1098}}
{"sequence": 57, "event": "heartbeat", "config_version": 10, "payload": {"operation": "window_evidence_extraction", "elapsed_ms": 406355, "completed_windows": 8, "active_windows": 1, "window_count": 9}}
{"sequence": 58, "event": "window_completed", "config_version": 10, "payload": {"window_id": "w000009", "window_index": 8, "window_count": 9, "evidence_range_count": 0, "input_tokens": 105350, "output_tokens": 132, "usage_source": "provider_reported", "estimated_cost": null}}
{"sequence": 59, "event": "ledger_built", "config_version": 10, "payload": {"window_count": 9, "evidence_range_count": 40}}
{"sequence": 60, "event": "ledger_synthesis_started", "config_version": 10, "payload": {"evidence_range_count": 40}}
{"sequence": 61, "event": "heartbeat", "config_version": 10, "payload": {"operation": "ledger_synthesis", "elapsed_ms": 10010, "completed_windows": 0, "active_windows": 0, "window_count": 0}}
{"sequence": 62, "event": "heartbeat", "config_version": 10, "payload": {"operation": "ledger_synthesis", "elapsed_ms": 20014, "completed_windows": 0, "active_windows": 0, "window_count": 0}}
{"sequence": 63, "event": "heartbeat", "config_version": 10, "payload": {"operation": "ledger_synthesis", "elapsed_ms": 30018, "completed_windows": 0, "active_windows": 0, "window_count": 0}}
{"sequence": 64, "event": "heartbeat", "config_version": 10, "payload": {"operation": "ledger_synthesis", "elapsed_ms": 40029, "completed_windows": 0, "active_windows": 0, "window_count": 0}}
{"sequence": 65, "event": "heartbeat", "config_version": 10, "payload": {"operation": "ledger_synthesis", "elapsed_ms": 50037, "completed_windows": 0, "active_windows": 0, "window_count": 0}}
{"sequence": 66, "event": "heartbeat", "config_version": 10, "payload": {"operation": "ledger_synthesis", "elapsed_ms": 60052, "completed_windows": 0, "active_windows": 0, "window_count": 0}}
{"sequence": 67, "event": "heartbeat", "config_version": 10, "payload": {"operation": "ledger_synthesis", "elapsed_ms": 70061, "completed_windows": 0, "active_windows": 0, "window_count": 0}}
{"sequence": 68, "event": "heartbeat", "config_version": 10, "payload": {"operation": "ledger_synthesis", "elapsed_ms": 80066, "completed_windows": 0, "active_windows": 0, "window_count": 0}}
{"sequence": 69, "event": "heartbeat", "config_version": 10, "payload": {"operation": "ledger_synthesis", "elapsed_ms": 90073, "completed_windows": 0, "active_windows": 0, "window_count": 0}}
{"sequence": 70, "event": "heartbeat", "config_version": 10, "payload": {"operation": "ledger_synthesis", "elapsed_ms": 100074, "completed_windows": 0, "active_windows": 0, "window_count": 0}}
{"sequence": 71, "event": "heartbeat", "config_version": 10, "payload": {"operation": "ledger_synthesis", "elapsed_ms": 110075, "completed_windows": 0, "active_windows": 0, "window_count": 0}}
{"sequence": 72, "event": "heartbeat", "config_version": 10, "payload": {"operation": "ledger_synthesis", "elapsed_ms": 120087, "completed_windows": 0, "active_windows": 0, "window_count": 0}}
{"sequence": 73, "event": "heartbeat", "config_version": 10, "payload": {"operation": "ledger_synthesis", "elapsed_ms": 130095, "completed_windows": 0, "active_windows": 0, "window_count": 0}}
{"sequence": 74, "event": "ledger_synthesis_completed", "config_version": 10, "payload": {"evidence_range_count": 40, "input_tokens": 63514, "output_tokens": 4436, "usage_source": "provider_reported", "estimated_cost": null}}
{"sequence": 75, "event": "completed", "config_version": 10, "payload": {}}
